// Vitest Snapshot v1, https://vitest.dev/guide/snapshot.html

exports[`Poke Details Type Component > snapshot UI testing 1`] = `""`;

exports[`snapshot UI testing 1`] = `""`;
